[   0.00000 Linux versio 4150--64-eneric (buildd@lgw01-amd64-038) (gcc version 7.4.0 (Ubuntu 7.4.0-1ubuntu1~18.04.1)) #73-Ubuntu SMP Thu ep 12 13:16:13 UTC 2019 (Ubuntu 4.15.0-64.73-generic 4.15.18)
[    0.000000] Command line: BOOT_IMAGE=/boot/vmlinuz-4.15.0-6-generic root=UUID=84b68602-df36-4d56-8934-50dd3bedf7f8 ro console=tt1 consol=ttyS0
[   0.000000] KERNEL sported cpu
     0.0000   Intel GenuineIntel
[    0.000000]   AMD AuthenticAMD
[    0.000000]   Centaur CentaurHauls
[    0.000000] x86/fpu: Supporting XSAVE feure 0x01 '87 flloating point registers'
[    0.000000] x86/fpu: Suppoting XSAE fetue x002: 'SSE registers'
[    0.000000] x86/fpu: Supporting XSAVE fatre 0x00: AV registers'
[    0.000000] x86/fpu: xstate_offset[2]:  576, xstate_sizes[2]:  256
[    0.000000] x86/fpu: Enabled xstate features 0x7, context size is 832 bytes,sing 'standard' format.
[    0.000000] e820: BIOS-provided physical RAM map:
[    0.000000] BIOS-e820: [memx000000000000000-x000000009fbff] usable
[    0.000000] BIOS-e820: [mem 0x000000000009fc00-0x000000000009ffff] reserved
[    0.000000] BIOS-e820: [mem 0x00000000000f0000-0x000000000fffff] reserved
[    0.000000] BIOS-e820: [mem 0x0000000000100000-0x000003ffeffff]usbl
[    0.000] BIOS-e820: [mem 0x000000003fff0000-0x000000003fffffff] ACPI data
[    0.000000] BIOS-e820: [mem 0x00000000fec00000-0x00000000fec00fff] reserved
[    0.000000] BIOS-e820: [mem 0x00000000fee00000-0x00000000fee00fff] reserved
[    0.000000] BIOS-e820: [mem 0x00000000fffc00000x00000000ffffffff] reserved
[    0.000000] NX (Execue Disable) protection active
[   0.000000] SMBIOS 2.5 present.
[    0.000000] DMI: innotekGmH VirtualBox/VirtualBox, BIOS VirtualBox 12/01/2006
[    0.000000] Hypervisor detected: KVM
[    0.000000] e820: last_pfn = 0x3fff0 max_arch_pfn =0x40000000
    0.00000] MR: Dsabled
[    0.000000] x86/PAT: MTRRs disle, skipping PAT initialization too.
[    0.000000] CPU MTRRs all blank - virtualized system.
[    0.000000] x86/PAT: Configuration [0-7]: WB  WT  UC- UC  W WT  U- C 
[   .000000] found SMP MP-table at [mem 0x0009fff0-0x0009ffff]
[    0.000000] Scanning 1 areas for low memory corruption
[    0.000000] RAMDISK: [m 0x359830-x336cb8fff]
[    0.000000] ACPI: Early table checksum verification disabled
[    0.000000] ACPI: RSDP 0x00000000000E0000 002 ((v02 VBOX)
[    0.000] ACPI: XSDT 0x00000003FFF0030 00003C (v01 VBOX   VBOXXSDT 00000001 ASL  00000061)
[    0.000000] ACPI: FACP 0x000000003FFF00F0 0000F4 (v04 VBOX   VBOXFACP 00000001 ASL  00000061)
[    0.000000] ACPI:DSDT 0x0000003FFF0470 0021FF (v02 VBOX   VBOXBIOS 00000002 INTL 20100528)
   0.000000] ACPI: FACS 0x000000003FFF0200 000040
[   0.00000] ACPI: FACS 0x000000003FFF0200 000040
[    0.000000] ACPI: APIC 0x000000003FFF0240 00005C (v02 VBOX   VBOXAPIC 00000001 ASL  00000061)
[    0.000000] ACPI: SSDT 0x00000003FFF02A0 0001CC (v01 VBOX   VBOXCPUT 00000002 INTL 20100528)
[    0.000000] No NUMA configuration found
[    0.000000] Faking a node at [mem 0x0000000000000000-0x000000003ffeffff]
[    0.000000] NODE_DATA(0) allocated [mem 0x3ffc5000-0x3ffeffff]
[    0.000000] kvm-clock: cpu 0, msr 0:3ff44001, primary cpu clock
[    0.00000] kvm-clock Uing msrsb564d01 and 4b564d00
[    0.000000] kvm-clock: using sched offset of 4370576708 cycles
[    0.000000] clocksource: kvm-clock: mask: 0xffffffffffffffff max_cycles: 0x1cd42e4dffb, max_idle_ns: 881559483 ns
[    0.0000] Zon rnges:
[    0.000000]   DMA      [mem 0x0000000000001000-0x0000000000ffffff]
[    0.000000]   DMA32    [mem 0x0000000001000000-0x000000003ffeffff]
[    0.000000]   Norma   empty
[  0.0000]  Device  empty
[    0.000000] Movable zone start for each node
[    0.000000] Early memory node ranges
[    0.000000]   node   0: [mem 0x00000000000100-00000000009fff]
[    000000]   node   0: [mem 0x0000000000100000-0x000000003ffeffff]
[    0.000000] Reserved but unavailable: 98 pages
[    0.000000] Initmem setup node 0 [mem 0x0000000000001000-0x00000003efff]
   0000000] ACPI P-Tmer IOPot:0x4008
[    0.000000] IOAPIC[0]: apic_id 2, version 32, ares 0xfe0000 GSI 0-23
[    0.000000] ACPI: INT_SRC_OVR (bus 0 bus_irq 0 global_irq 2 dfl dfl)
[    0.000000] ACPI: INT_SRC_OVR (bus 0 bus_irq 9 global_irq 9 low level)
[    0.000000] Using ACPI (MADT) for SMP configuration information
[    0.000000] smpboot: Allowing 2 CPUs, 0 hotplug CPUs
[    0.000000] PM: Registered nosave memory: [mem 0x00000000-0x00000fff]
[    0.000000] PM: Registered nosave memory: [mem 0x0009f000-0x0009ffff]
[    0.000000] PM: Registered nosave memory: [mem 0x000a0000-0x000effff
[    0.00000] PM: Registered nosave memory: [mem 0x000f0000-0x000fffff]
[    0.000000] e820: [mem 0x40000000-0xfebfffff] available for PCI devices
[    0.000000] Booting paravirtualized kernel on KVM
[    0.000000] clocksource: refined-jiffies: mask: 0xffffffff max_cycles: 0xffffffff, max_idle_ns: 7645519600211568 ns
[    0.000000] random: get_random_byes called from start_kernel+0x99/0x4fd with crng_init=0
[    0.000000] setup_percpu: NR_CPUS:8192 nr_cpumask_bits:2 nr_cpu_ids:2 nr_node_ids:1
[    0.000000] percpu: Embedded 46 pages/cpu s151552 r8192 d28672 u1048576
[    0.000000] PV qspinlock hash table entries: 256 (order: 0, 4096 bytes)
[    0.0000000] Built 1 zonelists, mobility grouping on.  Total pages: 257913
[    0.000000] Policy zone: DMA32
[    0.000000] Kernel commad line: BOOT_IMAGE=/boot/vmlinuz-4.15.0-64-generic root=UUID=84b68602-df36-4d56-8934-50dd3bedf7f8 ro console=tty1 console=ttyS0
[    0.000000] emry: 982912K/1048120K available (12300K kernel code, 2481K rwdata, 4172K rodata, 2436K init, 2384K bss, 65208K reserved, 0K cma-reserved)
[    0.000000] SLUB: HWalign=64, Order=0-3, Minbjcts=0, CPUs=2,odes=1
[   .00000] rnl/User page tables isolation: enabled
[    0.000000] ftrace: allocating 39306 enries in54pages
[    0.0400 Hierachca RCU implementation.
[    0.004000] 	RCU restricting CPUs from NR_CPUS=8192 to nr_cpu_ids=2.
[    0.004000] 	Tasks RCU enabled.
[    0.004000] RCU: Adjusting geometry for rcu_fanout_leaf=16, nr_cpu_ids=2
[    0.004000] NR_IRQS: 524544, nr_irqs: 440, prellcated irqs: 16
[   000000] Cosoe:colourGA 80x25
[    0.004000] console [tty1] enabled
[    0.004000] console [ttyS0] enabled
[    0.004000] ACPI: Core revision 20170831
[    0.004000] ACPI: 2 ACPI AML tables successfully acquired and load
[   .004000] APIC: Switch to symmetric I/O mode setup
[    0.004235] x2apic enabled
[    0.008004] Switched APIC routing to physical x2apic.
[    0.010280] ..TIMER: vector=0x30 apic1=0 pin1=2 apic2=-1 pin2=-1
[    0.012003] tsc: Detected 1608.000 MHz processor
[    0.016014] Calibrating delay loop (skipped) preset value.. 3216.00 BogoMIPS (lpj=6432000)
[    0.020004] pid_max: default: 32768 minimum: 301
[    0.024090] Security Framework initialized
[    0.028004] Yama: becoming mindful.
[    0.032028] AppArmor: AppArmor initialized
[    0.037808] Dentry cache hash table entries: 131072 (order: 8, 1048576 bytes)
[    0.040095] Inode-cache hash table entries: 65536 (order: 7, 524288 bytes)
[    0.044016] Mount-cache hash table entries: 2048 (order: 2, 16384 bytes)
[    0.048011] Mountpoint-cache hash table entries: 2048 (order: 2, 16384 bytes)
[    0.052276] Last level iTLB entries: 4KB 64, 2MB 8, 4MB 8
[    0.056002] Last level dTLB entries: 4KB 64, 2MB 0, 4MB 0, 1GB 4
[    0.057443] Spectre V1 : Mitigation: usercopy/swapgs barriers and __user pointer sanitization
[    0.060009] Spectre V2 : Mitigation: Full generic retpoline
[    0.064008] Spectre V2 : Spectre v2 / SpectreRSB mitigation: Filling RSB on context switch
[    0.068003] Speculative Store Bypass: Vulnerable
[    0.069248] MDS: Vulnerable: Clear CPU buffers attempted, no microcode
[    0.072314] Freeing SMP alternatives memory: 36K
[    0.084000] smpboot: CPU0: Intel(R) Core(TM) i5-8210Y CPU @ 1.60GHz (family: 0x6, model: 0x8e, stepping: 0x9)
[    0.084098] Performance Events: unsupported p6 CPU model 142 no PMU driver, software events only.
[    0.086980] Hierarchical SRCU implementation.
[    0.088625] NMI watchdog: Perf event create on CPU 0 failed with -2
[    0.092003] NMI watchdog: Perf NMI watchdog permanently disabled
[    0.096077] smp: Bringing up secondary CPUs ...
[    0.100111] x86: Booting SMP configuration:
[    0.101270] .... node  #0, CPUs:      #1
[    0.004000] kvm-clock: cpu 1, msr 0:3ff44041, secondary cpu clock
[    0.111469] smp: Brought up 1 node, 2 CPUs
[    0.112005] smpboot: Max logical packages: 1
[    0.113179] smpboot: Total of 2 processors activated (6432.00 BogoMIPS)
[    0.116156] devtmpfs: initialized
[    0.120063] x86/mm: Memory block size: 128MB
[    0.124231] evm: security.selinux
[    0.128006] evm: security.SMACK64
[    0.132004] evm: security.SMACK64EXEC
[    0.133227] evm: security.SMACK64TRANSMUTE
[    0.136003] evm: security.SMACK64MMAP
[    0.140003] evm: security.apparmor
[    0.141148] evm: security.ima
[    0.144003] evm: security.capability
[    0.145265] clocksource: jiffies: mask: 0xffffffff max_cycles: 0xffffffff, max_idle_ns: 7645041785100000 ns
[    0.148012] futex hash table entries: 512 (order: 3, 32768 bytes)
[    0.156037] pinctrl core: initialized pinctrl subsystem
[    0.160128] RTC time:  2:38:11, date: 10/07/19
[    0.164215] NET: Registered protocol family 16
[    0.168102] audit: initializing netlink subsys (disabled)
[    0.172052] audit: type=2000 audit(1570415892.675:1): state=initialized audit_enabled=0 res=1
[    0.284013] cpuidle: using governor ladder
[    0.288011] cpuidle: using governor menu
[    0.289414] ACPI: bus type PCI registered
[    0.292004] acpiphp: ACPI Hot Plug PCI Controller Driver version: 0.5
[    0.296143] PCI: Using configuration type 1 for base access
[    0.305002] HugeTLB registered 2.00 MiB page size, pre-allocated 0 pages
[    0.312090] ACPI: Added _OSI(Module Device)
[    0.316010] ACPI: Added _OSI(Processor Device)
[    0.320014] ACPI: Added _OSI(3.0 _SCP Extensions)
[    0.324005] ACPI: Added _OSI(Processor Aggregator Device)
[    0.325787] ACPI: Added _OSI(Linux-Dell-Video)
[    0.328004] ACPI: Added _OSI(Linux-Lenovo-NV-HDMI-Audio)
[    0.332004] ACPI: Added _OSI(Linux-HPI-Hybrid-Graphics)
[    0.334196] ACPI: Executed 1 blocks of module-level executable AML code
[    0.343155] ACPI: Interpreter enabled
[    0.344016] ACPI: (supports S0 S5)
[    0.345173] ACPI: Using IOAPIC for interrupt routing
[    0.352174] PCI: Using host bridge windows from ACPI; if necessary, use "pci=nocrs" and report a bug
[    0.356241] ACPI: Enabled 2 GPEs in block 00 to 07
[    0.370247] ACPI: PCI Root Bridge [PCI0] (domain 0000 [bus 00-ff])
[    0.372010] acpi PNP0A03:00: _OSC: OS supports [ASPM ClockPM Segments MSI]
[    0.376033] acpi PNP0A03:00: _OSC: not requesting OS control; OS requires [ExtendedConfig ASPM ClockPM MSI]
[    0.380018] acpi PNP0A03:00: fail to add MMCONFIG information, can't access extended PCI configuration space under this bridge.
[    0.384531] PCI host bridge to bus 0000:00
[    0.388012] pci_bus 0000:00: root bus resource [io  0x0000-0x0cf7 window]
[    0.392008] pci_bus 0000:00: root bus resource [io  0x0d00-0xffff window]
[    0.396005] pci_bus 0000:00: root bus resource [mem 0x000a0000-0x000bffff window]
[    0.400006] pci_bus 0000:00: root bus resource [mem 0x40000000-0xfdffffff window]
[    0.402425] pci_bus 0000:00: root bus resource [bus 00-ff]
[    0.409432] pci 0000:00:01.1: legacy IDE quirk: reg 0x10: [io  0x01f0-0x01f7]
[    0.411709] pci 0000:00:01.1: legacy IDE quirk: reg 0x14: [io  0x03f6]
[    0.412010] pci 0000:00:01.1: legacy IDE quirk: reg 0x18: [io  0x0170-0x0177]
[    0.416013] pci 0000:00:01.1: legacy IDE quirk: reg 0x1c: [io  0x0376]
[    0.443083] pci 0000:00:07.0: quirk: [io  0x4000-0x403f] claimed by PIIX4 ACPI
[    0.444043] pci 0000:00:07.0: quirk: [io  0x4100-0x410f] claimed by PIIX4 SMB
[    0.472187] ACPI: PCI Interrupt Link [LNKA] (IRQs 5 9 10 *11)
[    0.476788] ACPI: PCI Interrupt Link [LNKB] (IRQs 5 9 *10 11)
[    0.480497] ACPI: PCI Interrupt Link [LNKC] (IRQs 5 *9 10 11)
[    0.484732] ACPI: PCI Interrupt Link [LNKD] (IRQs 5 9 10 *11)
[    0.488482] SCSI subsystem initialized
[    0.496064] pci 0000:00:02.0: vgaarb: setting as boot VGA device
[    0.500000] pci 0000:00:02.0: vgaarb: VGA device added: decodes=io+mem,owns=io+mem,locks=none
[    0.500015] pci 0000:00:02.0: vgaarb: bridge control possible
[    0.504007] vgaarb: loaded
[    0.505007] ACPI: bus type USB registered
[    0.508034] usbcore: registered new interface driver usbfs
[    0.512014] usbcore: registered new interface driver hub
[    0.513767] usbcore: registered new device driver usb
[    0.516080] EDAC MC: Ver: 3.0.0
[    0.520385] PCI: Using ACPI for IRQ routing
[    0.524428] NetLabel: Initializing
[    0.528003] NetLabel:  domain hash size = 128
[    0.529441] NetLabel:  protocols = UNLABELED CIPSOv4 CALIPSO
[    0.532021] NetLabel:  unlabeled traffic allowed by default
[    0.536101] clocksource: Switched to clocksource kvm-clock
[    0.5670VF: is qots qut_.60[   .82333] VFSDquot-ache hash table entries: 512 (order 0, 4096 byytes)[   1.052973ApAror ApArmor Filesystem Enabled
[    1.233421] pnp: PnP ACPI init
[   .2573] pnp: PnP ACPI: found 3 devices

[    1.342052] clocksource: acpi_pm: mask: 0xffffff max_cycles: 0xffffff, max_idle_ns: 2085701024 ns
[    1.344330] NET: Registered protocol family 2
[    1.348795] TCP established hash table entries: 8192 (order: 4, 65536 bytes)
[    1.351349] TCP bind hash table entries: 8192 (order: 5, 131072 bytes)
[    1.353597] TCP: Hash tables configured (established 8192 bind 8192)
[    1.355949] UDP hash table entries: 512 (order: 2, 16384 bytes)
[    1.357914] UDP-Lite hash table entries: 512 (order: 2, 16384 bytes)
[    1.360165] NET: Registered protocol family 1
[    1.362010]ci 000000.: imting ret CIPC tanfes[   .8412]pc 000:00:010:Acvaing SADM hngwokaouds

[    241452] pci 0000:00:02.0: Video device with shadowed ROM at [mem 0x000c0000-0x000dffff]
[    2.397758] Unpacking initramfs...
[    2.835217] Freeing initrd memory: 19672K
[    2.855256] clocksource: tsc: mask: 0xffffffffffffffff max_cycles: 0x172daa3a18b, max_idle_ns: 440795212390 ns
[    2.858701] platform rtc_cmos: registered platform RTC device (no PNP device found)
[    2.862718] Scanning for low memory corruption every 60 seconds
[    2.871360] Initialise system trusted keyrings
[    2.912191] Key type blacklist registered
[    2.952776] workingset: timestamp_bits=36 max_order=18 bucket_order=0
[    2.965834] zbud: loaded
[    2.981982] squashfs: version 4.0 (2009/01/31) Phillip Lougher
[    3.010071] fuse init (API version 7.26)
[    3.027438] Key type asymmetric registered
[    3.028575] Asymmetric key parser 'x509' registered
[    3.029814] Block layer SCSI generic (bsg) driver version 0.4 loaded (major 246)
[    3.031747] io scheduler noop registered
[    3.063833] io scheduler deadline registered
[    3.094140] io scheduler cfq registered (default)
[    3.124300] ACPI: AC Adapter [AC] (on-line)
[    3.153941] input: Power Button as /devices/LNXSYSTM:00/LNXPWRBN:00/input/input0
[    3.173274] ACPI: Power Button [PWRF]
[    3.194092] input: Sleep Button as /devices/LNXSYSTM:00/LNXSLPBN:00/input/input1
[    3.209186] ACPI: Sleep Button [SLPF]
[    3.220496] ACPI: Battery Slot [BAT0] (battery present)
[    3.228140] Serial: 8250/16550 dve 3ports, IRQ sharing enabled
[   3.4211] 00:02: ttyS0 at I/O x38 irq = 4,ase_baud = 115200) is a 16550A
[    3.6838] Linux agpgart interface v0.103

[    3.671095] loop: module loaded
[    3.683130] scsi host0: ata_piix
[    3.685803] scsi host1: ata_piix
[    3.695919] ata1: PATA max UDMA/33 cmd 0x1f0 ctl 0x3f6 bmdma 0xd000 irq 14
[    3.700114] ata2: PATA max UDMA/33 cmd 0x170 ctl 0x376 bmdma 0xd008 irq 15
[    3.713026] libphy: Fixed MDIO Bus: probed
[    3.716791] tun: Universal TUN/TAP device driver, 1.6
[    3.727403] PPP generic driver version 2.4.2
[    3.730693] ehci_hcd: USB 2.0 'Enhanced' Host Controller (EHCI) Driver
[    3.748492] ehci-pci: EHCI PCI platform driver
[    3.761573] ehci-platform: EHCI generic platform driver
[    3.763948] ohci_hcd: USB 1.1 'Open' Host Controller (OHCI) Driver
[    3.770352] ohci-pci: OHCI PCI platform driver
[    3.787688] ohci-platform: OHCI generic platform driver
[    3.810887] uhci_hcd: USB Universal Host Controller Interface driver
[    3.819340] i8042: PNP: PS/2 Controller [PNP0303:PS2K,PNP0f03:PS2M] at 0x60,0x64 irq 1,12
[    3.822473] serio: i8042 KBD port at 0x60,0x64 irq 1
[    3.850545] serio: i8042 AUX port at 0x60,0x64 irq 12
[    3.860265] mousedev: PS/2 mouse device common for all mice
[    3.889897] rtc_cmos rtc_cmos: rtc core: registered rtc_cmos as rtc0
[    3.898966] rtc_cmos rtc_cmos: alarms up to one day, 114 bytes nvram
[    3.907854] i2c /dev entries driver
[    3.909671] input: AT Translated Set 2 keyboard as /devices/platform/i8042/serio0/input/input2
[    3.912342] device-mapper: uevent: version 1.0.3
[    3.937553] device-mapper: ioctl: 4.37.0-ioctl (2017-09-20) initialised: dm-devel@redhat.com
[    3.975158] ledtrig-cpu: registered to indicate activity on CPUs
[    4.006265] NET: Registered protocol family 10
[    4.014383] Segment Routing with IPv6
[    4.037562] NET: Registered protocol family 17
[    4.074621] Key type dns_resolver registered
[    4.092987] mce: Using 0 MCE banks
[    4.108129] RAS: Correctable Errors collector initialized.
[    4.110200] sched_clock: Marking stable (4108051274, 0)->(9697824289, -5589773015)
[    4.169719] registered taskstats version 1
[    4.192489] Loading compiled-in X.509 certificates
[    4.211185] Loaded X.509 cert 'Build time autogenerated kernel key: 9ff85db0b1f72c0c954e4d2eaca5a9366845820b'
[    4.261267] zswap: loaded using pool lzo/zbud
[    4.281831] Key type big_key registered
[    4.291513] Key type trusted registered
[    4.295572] Key type encrypted registered
[    4.325329] AppArmor: AppArmor sha1 policy hashing enabled
[    4.357100] ima: No TPM chip found, activating TPM-bypass! (rc=-19)
[    4.359533] ima: Allocated hash algorithm: sha1
[    4.375657] evm: HMAC attrs: 0x1
[    4.399733]   Magic number: 7:340:611
[    4.424669] rtc_cmos rtc_cmos: setting system clock to 2019-10-07 02:38:16 UTC (1570415896)
[    4.475602] BIOS EDD facility v0.16 2004-Jun-25, 0 devices found
[    4.540996] EDD information not available.
[    4.545703] Freeing unused kernel image memory: 2436K
[    4.572960] Write protecting the kernel read-only data: 20480k
[    4.593722] Freeing unused kernel image memory: 2008K
[    4.633607] Freeing unused kernel image memory: 1972K
[    4.653840] x86/mm: Checked W+X mappings: passed, no W+X pages found.
[    4.675414] x86/mm: Checking user space page tables
[    4.738610] x86/mm: Checked W+X mappings: passed, no W+X pages found.
Loading, please wait...
starting version 237
[    4.880885] e1000: Intel(R) PRO/1000 Network Driver - version 7.3.21-k8-NAPI
[    4.885821] e1000: Copyright (c) 1999-2006 Intel Corporation.
[    4.890988] Fusion MPT base driver 3.04.20
[    4.898100] Copyright (c) 1999-2008 LSI Corporation
[    4.908178] Fusion MPT SPI Host driver 3.04.20
[    4.912215] AVX2 version of gcm_enc/dec engaged.
[    4.913718] AES CTR mode by8 optimization enabled
[    5.106261] input: ImExPS/2 Generic Explorer Mouse as /devices/platform/i8042/serio1/input/input4
[    5.320629] e1000 0000:00:03.0 eth0: (PCI:33MHz:32-bit) 02:14:02:97:50:96
[    5.364420] e1000 0000:00:03.0 eth0: Intel(R) PRO/1000 Network Connection
[    5.815898] e1000 0000:00:08.0 eth1: (PCI:33MHz:32-bit) 08:00:27:d9:a4:0f
[    5.827013] e1000 0000:00:08.0 eth1: Intel(R) PRO/1000 Network Connection
[    5.830116] mptbase: ioc0: Initiating bringup
[    5.832704] e1000 0000:00:03.0 enp0s3: renamed from eth0
[    5.850715] e1000 0000:00:08.0 enp0s8: renamed from eth1
[    5.984590] ioc0: LSI53C1030 A0: Capabilities={Initiator}
[    7.060667] scsi host2: ioc0: LSI53C1030 A0, FwRev=00000000h, Ports=1, MaxQ=256, IRQ=20
[    7.838912] scsi 2:0:0:0: Direct-Access     VBOX     HARDDISK         1.0  PQ: 0 ANSI: 5
[    7.924252] scsi target2:0:0: Beginning Domain Validation
[    7.956985] scsi target2:0:0: Domain Validation skipping write tests
[    7.958611] scsi target2:0:0: Ending Domain Validation
[    7.960024] scsi target2:0:0: asynchronous
[    7.961752] scsi 2:0:1:0: Direct-Access     VBOX     HARDDISK         1.0  PQ: 0 ANSI: 5
[    7.992627] scsi target2:0:1: Beginning Domain Validation
[    8.086164] random: fast init done
[    8.126650] scsi target2:0:1: Domain Validation skipping write tests
[    8.129044] scsi target2:0:1: Ending Domain Validation
[    8.131145] scsi target2:0:1: asynchronous
[    8.142870] random: systemd-udevd: uninitialized urandom read (16 bytes read)
[    8.145659] random: systemd-udevd: uninitialized urandom read (16 bytes read)
[    8.147973] random: systemd-udevd: uninitialized urandom read (16 bytes read)
[    8.150670] sd 2:0:0:0: Attached scsi generic sg0 type 0
[    8.153072] sd 2:0:0:0: [sda] 20971520 512-byte logical blocks: (10.7 GB/10.0 GiB)
[    8.155234] sd 2:0:0:0: [sda] Write Protect is off
[    8.156918] sd 2:0:0:0: [sda] Incomplete mode parameter data
[    8.158372] sd 2:0:0:0: [sda] Assuming drive cache: write through
[    8.160521] sd 2:0:1:0: Attached scsi generic sg1 type 0
[    8.165692] sd 2:0:1:0: [sdb] 20480 512-byte logical blocks: (10.5 MB/10.0 MiB)
[    8.167420]  sda: sda1
[    8.176929] sd 2:0:1:0: [sdb] Write Protect is off
[    8.178404] sd 2:0:0:0: [sda] Attached SCSI disk
[    8.184816] sd 2:0:1:0: [sdb] Incomplete mode parameter data
[    8.198205] sd 2:0:1:0: [sdb] Assuming drive cache: write through
[    8.209608] sd 2:0:1:0: [sdb] Attached SCSI disk
Begin: Loading essential drivers ... [    9.704555] raid6: sse2x1   gen() 10218 MB/s
[    9.835030] raid6: sse2x1   xor()  8456 MB/s
[    9.924343] raid6: sse2x2   gen() 12822 MB/s
[   10.012271] raid6: sse2x2   xor()  7942 MB/s
[   10.076032] raid6: sse2x4   gen() 15713 MB/s
[   10.184017] raid6: sse2x4   xor()  8601 MB/s
[   10.276204] raid6: avx2x1   gen() 21507 MB/s
[   10.404287] raid6: avx2x1   xor() 12941 MB/s
[   10.452105] raid6: avx2x2   gen() 13399 MB/s
[   10.512309] raid6: avx2x2   xor()  9597 MB/s
[   10.601458] raid6: avx2x4   gen() 27888 MB/s
[   10.684960] raid6: avx2x4   xor() 17742 MB/s
[   10.724904] raid6: using algorithm avx2x4 gen() 27888 MB/s
[   10.812592] raid6: .... xor() 17742 MB/s, rmw enabled
[   10.887739] raid6: using avx2x2 recovery algorithm
[   10.919858] xor: automatically using best checksumming function   avx       
[   10.975026] async_tx: api initialized (async)
done.
Begin: Running /scripts/init-premount ... done.
Begin: Mounting root file system ... Begin: R[   11.029370] Btrfs loaded, crc32c=crc32c-intel
unning /scripts/local-top ... done.
Begin: Running /scripts/local-premount ... Scanning for Btrfs filesystems
done.
Warning: fsck no[   11.065539] EXT4-fs (sda1): INFO: recovery required on readonly filesystem
t present, so sk[   11.077697] EXT4-fs (sda1): write access will be enabled during recovery
ipping root file system
[   11.136868] EXT4-fs (sda1): recovery complete
[   11.155368] EXT4-fs (sda1): mounted filesystem with ordered data mode. Opts: (null)
done.
Begin: Running /scripts/local-bottom ... done.
Begin: Running /scripts/init-bottom ... done.
[   11.406095] ip_tables: (C) 2000-2006 Netfilter Core Team
[   11.421113] systemd[1]: systemd 237 running in system mode. (+PAM +AUDIT +SELINUX +IMA +APPARMOR +SMACK +SYSVINIT +UTMP +LIBCRYPTSETUP +GCRYPT +GNUTLS +ACL +XZ +LZ4 +SECCOMP +BLKID +ELFUTILS +KMOD -IDN2 +IDN -PCRE2 default-hierarchy=hybrid)
[   11.853822] systemd[1]: Detected virtualization oracle.
[   11.855280] systemd[1]: Detected architecture x86-64.

Welcome to [1mUbuntu 18.04.2 LTS[0m!

[   11.886007] systemd[1]: Set hostname to <ubuntu-bionic>.
[   12.255317] systemd[1]: Set up automount Arbitrary Executable File Formats File System Automount Point.
[[0;32m  OK  [0m] Set up automount Arbitrary Executabâ€¦rmats File System Automount Point.
[   12.326007] systemd[1]: Created slice User and Session Slice.
[[0;32m  OK  [0m] Created slice User and Session Slice.
[   12.389059] systemd[1]: Reached target User and Group Name Lookups.
[[0;32m  OK  [0m] Reached target User and Group Name Lookups.
[   12.881928] systemd[1]: Started Forward Password Requests to Wall Directory Watch.
[[0;32m  OK  [0m] Started Forward Password Requests to Wall Directory Watch.
[   14.037525] systemd[1]: Reached target System Time Synchronized.
[[0;32m  OK  [0m] Reached target System Time Synchronized.
[   14.077539] systemd[1]: Created slice System Slice.
[[0;32m  OK  [0m] Created slice System Slice.
[[0;32m  OK  [0m] Listening on udev Control Socket.
[[0;32m  OK  [0m] Listening on Network Service Netlink Socket.
[[0;32m  OK  [0m] Reached target Slices.
[[0;32m  OK  [0m] Listening on Journal Socket.
         Mounting Kernel Debug File System...
         Mounting Huge Pages File System...
[[0;32m  OK  [0m] Listening on Device-mapper event daemon FIFOs.
         Starting Set the console keyboard layout...
[[0;32m  OK  [0m] Created slice system-serial\x2dgetty.slice.
[[0;32m  OK  [0m] Listening on LVM2 metadata daemon socket.
[[0;32m  OK  [0m] Listening on Journal Socket (/dev/log).
         Starting Monitoring of LVM2 mirrorsâ€¦ng dmeventd or progress polling...
         Mounting POSIX Message Queue File System...
         Starting Remount Root a[   14.533794] EXT4-fs (sda1): re-mounted. Opts: (null)
nd Kernel File Systems...
[[0;32m  OK  [0m] Listening on udev Kernel Socket.
         Starting udev Coldplug all Devices...
         Starting Create list of required stâ€¦ce nodes for the current kernel...
[[0;32m  OK  [0m] Listening on LVM2 poll daemon socket.
[[0;32m  OK  [0m] Reached target Swap.
[[0;32m  OK  [0m] Listening on /dev/initctl Compatibility Named Pipe.
[[0;32m  OK  [0m] Listening on Syslog Socket.
[[0;32m  OK  [0m] Listening on Journal Audit Socket.
         Starting Journal Service...
         Starting Load Kernel Modules...
         Starting Uncomplicated firewall...
[[0;32m  OK  [0m] Started Journal Service.
[[0;32m  OK  [0m] Mounted Kernel Debug File System.
[   14.913238] Loading iSCSI transport class v2.0-870.
[[0;32m  OK  [0m] Mounted Huge Pages File System.
[[0;32m  OK  [[   14.940976] iscsi: registered transport (tcp)
0m] Started Set the console keyboard layout.
[[0;32m  OK  [0m] Mounted POSIX Message Queue [   14.966744] random: crng init done
File System.
[   14.969859] random: 7 urandom warning(s) missed due to ratelimiting
[[0;32m  OK  [0m] Started Remount Root and Kernel File Systems.
[[0;32m  OK  [0m] Started Create list of required staâ€¦vice n[   15.000180] iscsi: registered transport (iser)
odes for the current kernel.
[[0;32m  OK  [0m] Started Uncomplicated firewall.
[[0;32m  OK  [0m] Started Load Kernel Modules.
[[0;32m  OK  [0m] Started udev Coldplug all Devices.
[[0;32m  OK  [0m] Started LVM2 metadata daemon.
         Mounting Kernel Configuration File System...
         Mounting FUSE Control File System...
         Starting Apply Kernel Variables...
         Starting Create Static Device Nodes in /dev...
         Starting Load/Save Random Seed...
         Starting Flush Journal to Persistent Storage...
[[0;32m  OK  [0m] Started Monitoring of LVM2 mirrors,â€¦sing dmeventd or progress polling.
[[0;32m  OK  [0m] Mounted Kernel Configuration File System.
[[0;32m  OK  [0m] Mounted FUSE Control File System.
[[0;32m  OK  [0m] Started Apply Kernel Variables.
[[0;32m  OK  [0m] Started Create Static Device Nodes in /dev.
[[0;32m  OK  [0m] Started Load/Save Random Seed.
         Starting udev Kernel Device Manager...
[[0;32m  OK  [0m] Reached target Local File Systems (Pre).
[[0;32m  OK  [0m] Reached target Local File Systems.
         Starting Tell Plymouth To Write Out Runtime Data...
         Starting Set console font and keymap...
         Starting ebtables ruleset management...
         Starting AppArmor initialization...
[[0;32m  OK  [0m] Started Tell Plymouth To Write Out Runtime Data.
[[0;32m  OK  [0m] Started udev Kernel Device Manager.
[[0;32m  OK  [0m] Started Dispatch Password Requests to Console Directory Watch.
[[0;32m  OK  [0m] Reached target Local Encrypted Volumes.
[[0;32m  OK  [0m] Started Set console font and keymap.
[[0;32m  OK  [0m] Started ebtables ruleset management.
[[0;32m  OK  [0m] Started Flush Journal to Persistent Storage.
         Starting Create Volatile Files and Directories...
[[0;32m  OK  [0m] Started Create Volatile Files and Directories.
         Starting Update UTMP about System Boot/Shutdown...
[[0;32m  OK  [0m] Started Update UTMP about System Boot/Shutdown.
[[0;32m  OK  [0m] Found device /dev/ttyS0.
[[0;32m  OK  [0m] Listening on Load/Save RF Kill Switch Status /dev/rfkill Watch.
[[0;32m  OK  [0m] Started AppArmor initialization.
         Starting Initial cloud-init job (pre-networking)...
[   17.565533] cloud-init[541]: Cloud-init v. 19.1-1-gbaa47854-0ubuntu1~18.04.1 running 'init-local' at Mon, 07 Oct 2019 02:38:29 +0000. Up 17.33 seconds.
[[0;32m  OK  [0m] Started Initial cloud-init job (pre-networking).
[[0;32m  OK  [0m] Reached target Network (Pre).
         Starting Network Service...
[[0;32m  OK  [0m] Started Network Service.
         Starting Network Name Resolution...
         Starting Wait for Network to be Configured...
[[0;32m  OK  [0m] Started Network Name Resolution.
[[0;32m  OK  [0m] Reached target Network.
[[0;32m  OK  [0m] Reached target Host and Network Name Lookups.
[[0;32m  OK  [0m] Started Wait for Network to be Configured.
         Starting Initial cloud-init job (metadata service crawler)...
[   20.264818] cloud-init[710]: Cloud-init v. 19.1-1-gbaa47854-0ubuntu1~18.04.1 running 'init' at Mon, 07 Oct 2019 02:38:32 +0000. Up 20.10 seconds.
[   20.332571] cloud-init[710]: ci-info: ++++++++++++++++++++++++++++++++++++++Net device info+++++++++++++++++++++++++++++++++++++++
[   20.368609] cloud-init[710]: ci-info: +--------+------+-----------------------------+---------------+--------+-------------------+
[   20.375017] cloud-init[710]: ci-info: | Device |  Up  |           Address           |      Mask     | Scope  |     Hw-Address    |
[   20.396612] cloud-init[710]: ci-info: +--------+------+-----------------------------+---------------+--------+-------------------+
[   20.431654] cloud-init[710]: ci-info: | enp0s3 | True |          10.0.2.15          | 255.255.255.0 | global | 02:14:02:97:50:96 |
[   20.471706] cloud-init[710]: ci-info: | enp0s3 | True |  fe80::14:2ff:fe97:5096/64  |       .       |  link  | 02:14:02:97:50:96 |
[   20.476698] cloud-init[710]: ci-info: | enp0s8 | True |        192.168.33.10        | 255.255.255.0 | global | 08:00:27:d9:a4:0f |
[   20.481179] cloud-init[710]: ci-info: | enp0s8 | True | fe80::a00:27ff:fed9:a40f/64 |       .       |  link  | 08:00:27:d9:a4:0f |
[   20.485689] cloud-init[710]: ci-info: |   lo   | True |          127.0.0.1          |   255.0.0.0   |  host  |         .         |
[   20.490368] cloud-init[710]: ci-info: |   lo   | True |           ::1/128           |       .       |  host  |         .         |
[   20.494498] cloud-init[710]: ci-info: +--------+------+-----------------------------+---------------+--------+-------------------+
[   20.498678] cloud-init[710]: ci-info: +++++++++++++++++++++++++++++Route IPv4 info+++++++++++++++++++++++++++++
[   20.502249] cloud-init[710]: ci-info: +-------+--------------+----------+-----------------+-----------+-------+
[   20.505844] cloud-init[710]: ci-info: | Route | Destination  | Gateway  |     Genmask     | Interface | Flags |
[   20.508886] cloud-init[710]: ci-info: +-------+--------------+----------+-----------------+-----------+-------+
[   20.512032] cloud-init[710]: ci-info: |   0   |   0.0.0.0    | 10.0.2.2 |     0.0.0.0     |   enp0s3  |   UG  |
[   20.514821] cloud-init[710]: ci-info: |   1   |   10.0.2.0   | 0.0.0.0  |  255.255.255.0  |   enp0s3  |   U   |
[   20.518313] cloud-init[710]: ci-info: |   2   |   10.0.2.2   | 0.0.0.0  | 255.255.255.255 |   enp0s3  |   UH  |
[   20.521939] cloud-init[710]: ci-info: |   3   | 192.168.33.0 | 0.0.0.0  |  255.255.255.0  |   enp0s8  |   U   |
[   20.525788] cloud-init[710]: ci-info: +-------+--------------+----------+-----------------+-----------+-------+
[   20.533288] cloud-init[710]: ci-info: +++++++++++++++++++Route IPv6 info+++++++++++++++++++
[   20.536838] cloud-init[710]: ci-info: +-------+-------------+---------+-----------+-------+
[   20.569049] cloud-init[710]: ci-info: | Route | Destination | Gateway | Interface | Flags |
[   20.572469] cloud-init[710]: ci-info: +-------+-------------+---------+-----------+-------+
[   20.575243] cloud-init[710]: ci-info: |   1   |  fe80::/64  |    ::   |   enp0s8  |   U   |
[   20.578543] cloud-init[710]: ci-info: |   2   |  fe80::/64  |    ::   |   enp0s3  |   U   |
[   20.581734] cloud-init[710]: ci-info: |   4   |    local    |    ::   |   enp0s3  |   U   |
[[0;32m  OK  [0m] Started Initial cloud-init job (metadata service crawler).
[   20.617878] [cloud-init[0;32m  OK  [0m[710]: ] ci-info: |   5   |    local    |    ::   |   enp0s8  |   U   |Reached target Network is Online.

         Starting Availability of block devices...
[[0;32m  OK  [0m] Reached target Remote File Systems (Pre).
[[0;32m  OK  [0m] Reached target Remote File Systems.
[[0;32m  OK  [0m] Reached target Cloud-config availability.
[[0;32m  OK  [0m] Reached target System Initialization.
[[0;32m  OK  [0m] Listening on Open-iSCSI iscsid Socket.
[   20.652968] cloud-init[710]: ci-info: |   6   |   ff00::/8  |    ::   |   enp0s8  |   U   |
[   20.773164] cloud-init[710]: ci-info: |   7   |   ff00::/8  |    ::   |   enp0s3  |   U   |
[[0;32m  OK  [0m] Started Discard unused blocks once a week.
[   20.800737]          Starting LXD - unix socket.
cloud-init[710]: ci-info: +-------+-------------+---------+-----------+-------+
[[0;32m  OK  [0m] Listening on D-Bus System Message Bus Socket.
[[0;32m  OK  [0m] Started Daily apt download activities.
         Starting Socket activation for snappy daemon.
[[0;32m  OK  [0m] Started Message of the Day.
[[0;32m  OK  [0m] Started ACPI Events Check.
[[0;32m  OK  [0m] Reached target Paths.
[[0;32m  OK  [0m] Listening on UUID daemon activation socket.
[[0;32m  OK  [0m] Started Daily apt upgrade and clean activities.
[[0;32m  OK  [0m] Started Daily Cleanup of Temporary Directories.
[[0;32m  OK  [0m] Reached target Timers.
[[0;32m  OK  [0m] Listening on ACPID Listen Socket.
[[0;32m  OK  [0m] Started Availability of block devices.
[[0;32m  OK  [0m] Listening on LXD - unix socket.
[[0;32m  OK  [0m] Listening on Socket activation for snappy daemon.
[[0;32m  OK  [0m] Reached target Sockets.
[[0;32m  OK  [0m] Reached target Basic System.
[[0;32m  OK  [0m] Started D-Bus System Message Bus.
         Starting System Logging Service...
         Starting LSB: automatic crash report generation...
[[0;32m  OK  [0m] Started FUSE filesystem for LXC.
[[0;32m  OK  [0m] Started Regular background program processing daemon.
         Starting Login Service...
         Starting Permit User Sessions...
         Starting Dispatcher daemon for systemd-networkd...
         Starting Accounts Service...
         Starting LSB: Record successful boot for GRUB...
         Starting OpenBSD Secure Shell server...
         Starting Snappy daemon...
[[0;32m  OK  [0m] Started Deferred execution scheduler.
[[0;32m  OK  [0m] Started irqbalance daemon.
         Starting vboxadd.service...
         Starting LXD - container startup/shutdown...
[[0;32m  OK  [0m] Started System Logging Service.
[[0;32m  OK  [0m] Started Permit User Sessions.
[[0;32m  OK  [0m] Started OpenBSD Secure Shell server.
[[0;32m  OK  [0m] Started Login Service.
[[0;32m  OK  [0m] Started Unattended Upgrades Shutdown.
         Starting Authorization Manager...
         Starting Terminate Plymouth Boot Screen...
         Starting Hold until boot process finishes up...
[[0;32m  OK  [0m] Started Hold until boot process finishes up.
[[0;32m  OK  [0m] Started Serial Getty on ttyS0.
         Starting Set console scheme...
[[0;32m  OK  [0m] Started Terminate Plymouth Boot Screen.
[[0;32m  OK  [0m] Started Set console scheme.
[[0;32m  OK  [0m] Created slice system-getty.slice.
[[0;32m  OK  [0m] Started Getty on tty1.
[[0;32m  OK  [0m] Reached target Login Prompts.
[[0;32m  OK  [0m] Started Authorization Manager.
[[0;32m  OK  [0m] Started Accounts Service.
[[0;32m  OK  [0m] Started LXD - container startup/shutdown.
[[0;32m  OK  [0m] Started LSB: automatic crash report generation.
[[0;32m  OK  [0m] Started LSB: Record successful boot for GRUB.
[[0;32m  OK  [0m] Started Dispatcher daemon for systemd-networkd.
[[0;32m  OK  [0m] Started Snappy daemon.
         Starting Wait until snapd is fully seeded...
[[0;32m  OK  [0m] Created slice User Slice of vagrant.
         Starting User Manager for UID 1000...
[[0;32m  OK  [0m] Started Session 1 of user vagrant.
[[0;32m  OK  [0m] Started Wait until snapd is fully seeded.
         Starting Apply the settings specified in cloud-config...
[[0;32m  OK  [0m] Started User Manager for UID 1000.
[[0;32m  OK  [0m] Started vboxadd.service.
         Starting vboxadd-service.service...
[[0;32m  OK  [0m] Started vboxadd-service.service.
[[0;32m  OK  [0m] Reached target Multi-User System.
[[0;32m  OK  [0m] Reached target Graphical Interface.
         Starting Update UTMP about System Runlevel Changes...
[[0;32m  OK  [0m] Started Update UTMP about System Runlevel Changes.
[   23.184825] cloud-init[1039]: Cloud-init v. 19.1-1-gbaa47854-0ubuntu1~18.04.1 running 'modules:config' at Mon, 07 Oct 2019 02:38:35 +0000. Up 23.03 seconds.
[[0;32m  OK  [0m] Started Apply the settings specified in cloud-config.
         Starting Execute cloud user/final scripts...
[   23.969288] cloud-init[1172]: Cloud-init v. 19.1-1-gbaa47854-0ubuntu1~18.04.1 running 'modules:final' at Mon, 07 Oct 2019 02:38:35 +0000. Up 23.75 seconds.
[   23.988677] cloud-init[1172]: Cloud-init v. 19.1-1-gbaa47854-0ubuntu1~18.04.1 finished at Mon, 07 Oct 2019 02:38:36 +0000. Datasource DataSourceNoCloud [seed=/dev/sdb][dsmode=net].  Up 23.95 seconds
[[0;32m  OK  [0m] Started Execute cloud user/final scripts.
[[0;32m  OK  [0m] Reached target Cloud-init target.

Ubuntu 18.04.2 LTS ubuntu-bionic ttyS0

ubuntu-bionic login: 