[    0.000000] Linux version 4.15.0-70-generic (buildd@lgw01-amd64-55) (gcc version 7.4.0 (Ubuntu 7.4.0-1ubuntu1~18.04.1)) #79-Ubuntu SMP Tue Nov 12 10:36:11 UTC 2019 (Ubuntu 4.15.0-70.79-generic 4.15.18)
[    0.000000] Command line: BOOT_IMAGE=/boot/vminuz-4.15.0-70-generic root=UUID=84b68602-df6-4d56-8934-50dd3bedf7f8 ro console=tty1 console=ttyS0
[    0.000000] KERNEL supported cpus:
[    0.000000]   Intel GenuineIntel
[    0.000000]   AMD AuthenticAMD
[    0.000000]   Centaur CentaurHauls
[    0.000000] x86/fpu: Supportig XSAVE feature 0x001: 'x87 floating point registers'
[    0.000000] x86/fpu: Supporting XSAVE feature 0x002: 'SSE registers'
[    0.000000] x86/fpu: Supporting XSAVE feature 0x004: 'AVX regissters'
[    0.000000] x86/fpu: xstate_offset[2]:  576, xstate_sizes[2]:  256
[    0.000000] x86/fpu: Enabled xstate features 0x7, context size is 832 bytes, using 'standard' format.
[    0.000000] e820: BIOS-provided physical RAM map:
[    0.000000] BIOS-e820: [mem 0x0000000000000000-0x000000000009fbff] usable
[    0.000000] BIOS-e20: [mem 0x000000000009fc00-0x000000000009ffff] reserved
[    0.000000] BIOS-e820: [mem 0x00000000000f0000-0x00000000000fffff] reserved
[    0.000000] BIOS-e820: [mem 0x0000000000100000-0x000000003ffeffff] usable
[    0.000000] BIOS-e820: [mem 0x000000003fff0000-0x000000003fffffff] ACPI data
[    0.000000] BIOS-e820: [mem 0x00000000fec00000-0x00000000fec00fff] reserved
[    0.000000] BIOS-e820: [mem 0x00000000fee00000-0x00000000fee00fff] reserved
[    0.000000] BIOS-e820: [mem 0x00000000fffc0000-0x00000000ffffffff] reserved
[    0.000000] NX (Execute Disable) protection: active
[    0.000000] SMBIOS 2.5 present.
[    0.000000] DMI: innotek GmbH VirtualBox/VirtualBox, BIOS VirtualBox 12/01/2006
[    0.000000] Hypervisor detected: KVM
[    0.000000] e820: last_pfn = 0x3fff0 max_arch_pfn = 0x400000000
[    0.000000] MTRR: Disabled
[    0.000000] x86/PAT: MTRRs disabled, skipping PAT initialization too.
[    0.000000] CPU MTRRs all blank - virtualized system.
[    0.000000] x86/PAT: Configuration [0-7]: WB  WT  UC- UC  WB  WT  UC- UC  
[    0.000000] found SMP MP-table at [mem 0x0009fff0-0x0009ffff]
[    0.000000] Scanning 1 areas for low memory corruption
[    0.000000] RAMDISK: [mem 0x35981000-0x36cb7fff]
[    0.000000] ACPI: Early table checksum verification disabled
[    0.000000] ACPI: RSDP 0x00000000000E0000 000024 (v02 VBOX  )
[    0.00000] ACPI: XST 0x000000003FFF0030 00003C (v01 VOX   VBOXXSDT 00000001 ASL  00000061)
[    0.000000] ACPI: FACP 0x000000003FFF00F0 0000F (v04 VBOX   VBOXFACP 00000001 ASL  00000061)
[    0.000000] ACPI: DSDT 0x000000003FFF0470 0021FF (v02 VBOX   VBOXBIOS 00000002 INTL 20100528)
[    0.000000] ACPI: FACS 0x000000003FFF0200 000040
[    0.000000] ACPI: FACS 0x000000003FFF0200 000040
[    0.000000] ACPI: APIC 0x000000003FFF0240 00005C (v02 VBOX   VBOXAPIC 00000001 ASL  00000061)
[    0.000000] ACPI: SSDT 0x000000003FFF02A0 0001CC (v01 VBOX   VBOXCPUT 00000002 INTL 20100528)
[    0.000000] N NUMAcofiguration fod
[    0.00000] Faking a node at [mem 0x0000000000000000-0x000000003ffeffff]
[    0.000000] NODE_DATA(0) allocated [mem 0x3ffc5000-0x3ffeffff]
[    0.000000] kvm-clock: cpu 0, msr 0:3ff44001, primary cpu clock
[    0.000000] kvm-clock: Using msrs 4b564d01 and 4b564d00
[    0.000000] kvm-clock: using sched offset of 4683503462 cycles
[    0.000000] clocksource:kvm-clock mask: 0xffffffffffffffff max_cycles: 0x1c42e4dffb, max_idle_ns: 881590591483 ns
[    0.000000] Zone ranges:
[    0.000000]   DMA    [memx0000000000001000-0x0000000000ffffff]
[    0.000000]  DMA32    [mem 0x000000000100000-0x000000003ffeffff]
[    0.000000]   Normal   empty
[    0.000000]   Device   empty
[    0.000000] Movable zone start for each node
[    0.000000] Early memory node ranges
[    0.000000]   node   0: [mem 0x0000000000001000-0000000000009efff]
[    0.000000]   node   0: [mem 0x0000000000100000-0x000000003ffeffff]
[    0.000000] Reserved but unavailable: 98 pes
[  0.000000] Initmem setup node 0 [mem0x00000000010000x000000003ffeffff]
[    0.000000] ACPI: PM-Timer IO Port: 0x4008
[    0.000000] IOAPIC[0]: apic_id 2, version 32, address 0xfec00000, GSI 0-2
[    0.000000] ACPI: INT_SRC_OVR (bus 0 bus_irq 0 global_irq 2 dfl dfl)
[    0.000000] ACPI: INT_SRC_OVR (bus 0 bus_irq 9 global_irq 9 low level)
[    0.000000] Using ACPI (MADT) for SMP configuration information
[    0.000000] smpboot: Allowing 2 CPUs, 0 hotplug CPUs
[    0.000000] PM: Registered nosave memory: [mem 0x00000000-0x00000fff]
[    0.000000] PM: Registered nosave memory: [mem 0x0009f000-0x0009ffff]
[    0.000000] PM: Registered nosave memory: [mem 0x000a0000-0x000effff]
[    0.000000] PM: Registered nosave memory: [mem 0x000f0000-0x000fffff]
[    0.000000] e820: [mem 0x40000000-0xfebfffff] available for PCI devices
[    0.000000] Booting paravirtualized kernel on KVM
[    0.000000] clocksource: refined-jiffies: mask: 0xffffffff max_cycle: 0xffffffff, max_idle_ns: 7645519600211568 ns
[    0.000000] random: get_random_byts alled from start_rnel+0x99/0xd with crng_init=0
[  0.0000] sup_percpuNR_CPUS:8192 nr_cpumask_bits:2 nr_cpu_ids:2 r_ode_ids:1
[    0.000000] perpu: Embeddd 45 pages/cpu s147456r8192 d28672 u1048576
[    0.000000] PV qpilock hash table entries: 256 (order: 0, 4096 bytes)
[    0.000000] Built 1 zonelists, mobility grouping on.  Total pages: 257913
[    0.000000] Policy zone: DMA32
[   0.000000] Kernel command line: BOOT_IMAGE=/oot/vmlinuz-4.15.0-70-generic root=UUID=84b68602-df36-4d56-8934-50dd3bedf7f8 ro console=ty1 console=ttyS0
[    0.000000] Memory: 982912K/1048120K available (12300K kernel code 24K rwdata, 4264K rodata, 2432K init, 2388K bss, 65208K reserved, 0K cma-reserved)
[    0.000000] SLUB: HWalign=64, Order=0-3, MinObjects=0, CPUs=2, Nodes=1
[    0.000000] Kernel/User page tables isolation: enabled
[    0.000000] ftrace: allocti 39315 entries in 154 pages
[    .04000] Hierarchical RCU implementation.
[    0.004000] 	RCU restricting CPUs from NR_CPUS=8192 to nr_cpu_ids=2.
[    0.004000] 	Tasks RCU enabled.
[    0.004000] RCU: Adjusting geometry for rcu_fanout_leaf=16, nr_cpu_ids=2
[    0.004000]R_IRQ 524544, nr_irqs:440, preaocated irqs: 16
[    0.0000] Console: colour VGA+ 80x25
[    0.004000] console [tty1] enabled
[    0.004000] console [ttyS0] enabled
[    0.4000] ACPI: Core revision 20170831
[  0.004000ACPI: ACPI AML tables successfully acquired and loaded
[   0.004000] APIC: Switch to symmetric I/O mode setup
[    0.004284] x2apic enabled
[    0.008005] Switched APIC routing to physical x2apic.
[    0.013041] ..TIMER: vector=0x30 apic1=0 pin1=2 apic2=-1 pin2=-1
[    0.016002] tsc: Detected 1608.000 MHz processor
[    0.017032] Calibrating delay loop (skipped) preset value.. 3216.00 BogoMIPS (lpj=6432000)
[    0.020007] pid_max: default: 32768 minimum: 301
[    0.024040] Security Framework initialized
[    0.025046] Yama: becoming mindful.
[    0.025934] AppArmor: AppArmor initialized
[    0.029687] Dentry cache hash table entries: 131072 (order: 8, 1048576 bytes)
[    0.032084] Inode-cache hash table entries: 65536 (order: 7, 524288 bytes)
[    0.036033] Mount-cache hash table entries: 2048 (order: 2, 16384 bytes)
[    0.040019] Mountpoint-cache hash table entries: 2048 (order: 2, 16384 bytes)
[    0.044285] Last level iTLB entries: 4KB 64, 2MB 8, 4MB 8
[    0.048006] Last level dTLB entries: 4KB 64, 2MB 0, 4MB 0, 1GB 4
[    0.049415] Spectre V1 : Mitigation: usercopy/swapgs barriers and __user pointer sanitization
[    0.052007] Spectre V2 : Mitigation: Full generic retpoline
[    0.053690] Spectre V2 : Spectre v2 / SpectreRSB mitigation: Filling RSB on context switch
[    0.056007] Speculative Store Bypass: Vulnerable
[    0.057185] MDS: Vulnerable: Clear CPU buffers attempted, no microcode
[    0.058808] Freeing SMP alternatives memory: 36K
[    0.170272] smpboot: CPU0: Intel(R) Core(TM) i5-8210Y CPU @ 1.60GHz (family: 0x6, model: 0x8e, stepping: 0x9)
[    0.172084] Performance Events: unsupported p6 CPU model 142 no PMU driver, software events only.
[    0.176061] Hierarchical SRCU implementation.
[    0.180587] NMI watchdog: Perf event create on CPU 0 failed with -2
[    0.184004] NMI watchdog: Perf NMI watchdog permanently disabled
[    0.185436] smp: Bringing up secondary CPUs ...
[    0.186559] x86: Booting SMP configuration:
[    0.187528] .... node  #0, CPUs:      #1
[    0.004000] kvm-clock: cpu 1, msr 0:3ff44041, secondary cpu clock
[    0.192023] smp: Brought up 1 node, 2 CPUs
[    0.193138] smpboot: Max logical packages: 1
[    0.196005] smpboot: Total of 2 processors activated (6432.00 BogoMIPS)
[    0.200126] devtmpfs: initialized
[    0.204064] x86/mm: Memory block size: 128MB
[    0.208182] evm: security.selinux
[    0.212019] evm: security.SMACK64
[    0.216006] evm: security.SMACK64EXEC
[    0.217101] evm: security.SMACK64TRANSMUTE
[    0.220007] evm: security.SMACK64MMAP
[    0.221116] evm: security.apparmor
[    0.222144] evm: security.ima
[    0.224003] evm: security.capability
[    0.225147] clocksource: jiffies: mask: 0xffffffff max_cycles: 0xffffffff, max_idle_ns: 7645041785100000 ns
[    0.228019] futex hash table entries: 512 (order: 3, 32768 bytes)
[    0.233903] pinctrl core: initialized pinctrl subsystem
[    0.236127] RTC time:  7:34:11, date: 12/17/19
[    0.240219] NET: Registered protocol family 16
[    0.242058] audit: initializing netlink subsys (disabled)
[    0.244059] audit: type=2000 audit(1576568053.885:1): state=initialized audit_enabled=0 res=1
[    0.252016] cpuidle: using governor ladder
[    0.256019] cpuidle: using governor menu
[    0.260061] ACPI: bus type PCI registered
[    0.264009] acpiphp: ACPI Hot Plug PCI Controller Driver version: 0.5
[    0.268039] PCI: Using configuration type 1 for base access
[    0.269761] HugeTLB registered 2.00 MiB page size, pre-allocated 0 pages
[    0.272157] ACPI: Added _OSI(Module Device)
[    0.276010] ACPI: Added _OSI(Processor Device)
[    0.277481] ACPI: Added _OSI(3.0 _SCP Extensions)
[    0.280009] ACPI: Added _OSI(Processor Aggregator Device)
[    0.284012] ACPI: Added _OSI(Linux-Dell-Video)
[    0.288006] ACPI: Added _OSI(Linux-Lenovo-NV-HDMI-Audio)
[    0.292012] ACPI: Added _OSI(Linux-HPI-Hybrid-Graphics)
[    0.296404] ACPI: Executed 1 blocks of module-level executable AML code
[    0.304611] ACPI: Interpreter enabled
[    0.305873] ACPI: (supports S0 S5)
[    0.308008] ACPI: Using IOAPIC for interrupt routing
[    0.312353] PCI: Using host bridge windows from ACPI; if necessary, use "pci=nocrs" and report a bug
[    0.316350] ACPI: Enabled 2 GPEs in block 00 to 07
[    0.335848] ACPI: PCI Root Bridge [PCI0] (domain 0000 [bus 00-ff])
[    0.336022] acpi PNP0A03:00: _OSC: OS supports [ASPM ClockPM Segments MSI]
[    0.340060] acpi PNP0A03:00: _OSC: not requesting OS control; OS requires [ExtendedConfig ASPM ClockPM MSI]
[    0.344063] acpi PNP0A03:00: fail to add MMCONFIG information, can't access extended PCI configuration space under this bridge.
[    0.348817] PCI host bridge to bus 0000:00
[    0.352015] pci_bus 0000:00: root bus resource [io  0x0000-0x0cf7 window]
[    0.356014] pci_bus 0000:00: root bus resource [io  0x0d00-0xffff window]
[    0.360012] pci_bus 0000:00: root bus resource [mem 0x000a0000-0x000bffff window]
[    0.364023] pci_bus 0000:00: root bus resource [mem 0x40000000-0xfdffffff window]
[    0.368015] pci_bus 0000:00: root bus resource [bus 00-ff]
[    0.379417] pci 0000:00:01.1: legacy IDE quirk: reg 0x10: [io  0x01f0-0x01f7]
[    0.380045] pci 0000:00:01.1: legacy IDE quirk: reg 0x14: [io  0x03f6]
[    0.384013] pci 0000:00:01.1: legacy IDE quirk: reg 0x18: [io  0x0170-0x0177]
[    0.388020] pci 0000:00:01.1: legacy IDE quirk: reg 0x1c: [io  0x0376]
[    0.440114] pci 0000:00:07.0: quirk: [io  0x4000-0x403f] claimed by PIIX4 ACPI
[    0.444011] pci 0000:00:07.0: quirk: [io  0x4100-0x410f] claimed by PIIX4 SMB
[    0.472235] ACPI: PCI Interrupt Link [LNKA] (IRQs 5 9 10 *11)
[    0.480147] ACPI: PCI Interrupt Link [LNKB] (IRQs 5 9 *10 11)
[    0.484289] ACPI: PCI Interrupt Link [LNKC] (IRQs 5 *9 10 11)
[    0.488192] ACPI: PCI Interrupt Link [LNKD] (IRQs 5 9 10 *11)
[    0.493476] SCSI subsystem initialized
[    0.496079] pci 0000:00:02.0: vgaarb: setting as boot VGA device
[    0.500000] pci 0000:00:02.0: vgaarb: VGA device added: decodes=io+mem,owns=io+mem,locks=none
[    0.500012] pci 0000:00:02.0: vgaarb: bridge control possible
[    0.502593] vgaarb: loaded
[    0.504299] ACPI: bus type USB registered
[    0.505774] usbcore: registered new interface driver usbfs
[    0.508036] usbcore: registered new interface driver hub
[    0.512096] usbcore: registered new device driver usb
[    0.516108] EDAC MC: Ver: 3.0.0
[    0.520504] PCI: Using ACPI for IRQ routing
[    0.522368] NetLabel: Initializing
[    0.524008] NetLabel:  domain hash size = 128
[    0.528007] NetLabel:  protocols = UNLABELED CIPSOv4 CALIPSO
[    0.533011] NetLabel:  unlabeled traffic allowed by default
[    0.540022] clocksource: Switched to clocksource kvm-clock
[    0.565574] VFS: Di qtas dquot_6.6.0[   .780377] VFS: Dquot-cache hash table entries: 512 (orer0, 4096 bes)
[   .9124] AppArr: AAror Filesystem Enabled
[    1.165026] pnp: PnP AC iit
[    1.283237]pnp: PnP ACPI: found 3 devices
[    1.35961] clocksource: acpi_pm: mask: 0xffffff max_cycles: 0xffffff, max_idle_ns: 2085701024 ns
[    1.3921] NE: egstre ptol mily 

[    1.774599] TCP eabished has tablentries: 8192 (order: 4, 65536 bytes)

[    .931759] TCP bind hash table entri: 92order5, 131072 bytes)
[    2.170835] TCP: Hash tables configuredesblshe8192 bind 8192)
[    2.346809] UDP hash table entries: 512 (order: 2, 16384 bytes)
[    2.348635] UDP-Lite hash tablentres: 512 (order: 2, 16384 bytes)[  2490]ETRegiser protol family1
[   .9163]pc 00000:00.0: Limtig direct PCI/PCI transfs  3.2478]pci 00000010:Acivtig SADMha wrkrond
   383853] pci 0000:00:02.0: Video device with shadowed ROM at [mem 0x000c0000-0x000dffff]
[    3.927660] Unpacking initramfs...

[    4.297543] Freeing initrd memory: 19676K
[    4.331003] clocksource: tsc: mask: 0xffffffffffffffff max_cycles: 0x172daa3a18b, max_idle_ns: 440795212390 ns
[    4.413133] platform rtc_cmos: registered platform RTC device (no PNP device found)
[    4.478606] Scanning for low memory corruption every 60 seconds
[    4.481075] Initialise system trusted keyrings
[    4.510357] Key type blacklist registered
[    4.511491] workingset: timestamp_bits=36 max_order=18 bucket_order=0
[    4.514550] zbud: loaded
[    4.515880] squashfs: version 4.0 (2009/01/31) Phillip Lougher
[    4.542752] fuse init (API version 7.26)
[    4.573292] Key type asymmetric registered
[    4.575724] Asymmetric key parser 'x509' registered
[    4.577020] Block layer SCSI generic (bsg) driver version 0.4 loaded (major 246)
[    4.578748] io scheduler noop registered
[    4.579621] io scheduler deadline registered
[    4.580762] io scheduler cfq registered (default)
[    4.582769] ACPI: AC Adapter [AC] (off-line)
[    4.615993] input: Power Button as /devices/LNXSYSTM:00/LNXPWRBN:00/input/input0
[    4.663247] ACPI: Power Button [PWRF]
[    4.700283] input: Sleep Button as /devices/LNXSYSTM:00/LNXSLPBN:00/input/input1
[    4.793981] ACPI: Sleep Button [SLPF]
[    4.846315] Serial: 8250/16550 driver, 32 ports, IRQ sharing enabled
[    4.847725] ACPI: Battery Slot [BAT0] (battery present)
[    4.873758] 00:02: ttyS0 at I/O 0x3f8 (irq = 4, base_baud = 115200) is a 16550A
[    4.974378] Linux agpgart interface v0.103
[    5.006087] loop: module loaded
[    5.009268] scsi host0: ata_piix
[    5.018129] scsi host1: ata_piix
[    5.019556] ata1: PATA max UDMA/33 cmd 0x1f0 ctl 0x3f6 bmdma 0xd000 irq 14
[    5.055719] ata2: PATA max UDMA/33 cmd 0x170 ctl 0x376 bmdma 0xd008 irq 15
[    5.068418] libphy: Fixed MDIO Bus: probed
[    5.084055] tun: Universal TUN/TAP device driver, 1.6
[    5.090078] PPP generic driver version 2.4.2
[    5.094579] ehci_hcd: USB 2.0 'Enhanced' Host Controller (EHCI) Driver
[    5.101602] ehci-pci: EHCI PCI platform driver
[    5.106946] ehci-platform: EHCI generic platform driver
[    5.112304] ohci_hcd: USB 1.1 'Open' Host Controller (OHCI) Driver
[    5.116607] ohci-pci: OHCI PCI platform driver
[    5.124115] ohci-platform: OHCI generic platform driver
[    5.128382] uhci_hcd: USB Universal Host Controller Interface driver
[    5.135421] i8042: PNP: PS/2 Controller [PNP0303:PS2K,PNP0f03:PS2M] at 0x60,0x64 irq 1,12
[    5.143655] serio: i8042 KBD port at 0x60,0x64 irq 1
[    5.148725] serio: i8042 AUX port at 0x60,0x64 irq 12
[    5.155935] mousedev: PS/2 mouse device common for all mice
[    5.173494] input: AT Translated Set 2 keyboard as /devices/platform/i8042/serio0/input/input2
[    5.179569] rtc_cmos rtc_cmos: rtc core: registered rtc_cmos as rtc0
[    5.235910] rtc_cmos rtc_cmos: alarms up to one day, 114 bytes nvram
[    5.295562] i2c /dev entries driver
[    5.362227] device-mapper: uevent: version 1.0.3
[    5.454605] device-mapper: ioctl: 4.37.0-ioctl (2017-09-20) initialised: dm-devel@redhat.com
[    5.469694] ledtrig-cpu: registered to indicate activity on CPUs
[    5.550915] NET: Registered protocol family 10
[    5.593631] Segment Routing with IPv6
[    5.596660] NET: Registered protocol family 17
[    5.669314] Key type dns_resolver registered
[    5.751356] mce: Using 0 MCE banks
[    5.770826] RAS: Correctable Errors collector initialized.
[    5.816379] sched_clock: Marking stable (5816340909, 0)->(9956066186, -4139725277)
[    5.830619] registered taskstats version 1
[    5.857969] Loading compiled-in X.509 certificates
[    5.862109] Loaded X.509 cert 'Build time autogenerated kernel key: 1859b0531897959199376c446a0bd70df75fd1fc'
[    5.905285] zswap: loaded using pool lzo/zbud
[    5.951384] Key type big_key registered
[    5.999060] Key type trusted registered
[    6.067245] Key type encrypted registered
[    6.080623] AppArmor: AppArmor sha1 policy hashing enabled
[    6.089895] ima: No TPM chip found, activating TPM-bypass! (rc=-19)
[    6.101187] ima: Allocated hash algorithm: sha1
[    6.135293] evm: HMAC attrs: 0x1
[    6.173730]   Magic number: 15:85:572
[    6.198064] rtc_cmos rtc_cmos: setting system clock to 2019-12-17 07:34:18 UTC (1576568058)
[    6.278903] BIOS EDD facility v0.16 2004-Jun-25, 0 devices found
[    6.287331] EDD information not available.
[    6.315738] Freeing unused kernel image memory: 2432K
[    6.344282] Write protecting the kernel read-only data: 20480k
[    6.357243] Freeing unused kernel image memory: 2008K
[    6.362057] Freeing unused kernel image memory: 1880K
[    6.380885] x86/mm: Checked W+X mappings: passed, no W+X pages found.
[    6.390129] x86/mm: Checking user space page tables
[    6.450618] x86/mm: Checked W+X mappings: passed, no W+X pages found.
Loading, please wait...
starting version 237
[    6.716050] e1000: Intel(R) PRO/1000 Network Driver - version 7.3.21-k8-NAPI
[    6.718916] e1000: Copyright (c) 1999-2006 Intel Corporation.
[    6.725573] Fusion MPT base driver 3.04.20
[    6.727995] Copyright (c) 1999-2008 LSI Corporation
[    6.758765] AVX2 version of gcm_enc/dec engaged.
[    6.761123] AES CTR mode by8 optimization enabled
[    6.772692] Fusion MPT SPI Host driver 3.04.20
[    6.944396] input: ImExPS/2 Generic Explorer Mouse as /devices/platform/i8042/serio1/input/input4
[    8.233103] e1000 0000:00:03.0 eth0: (PCI:33MHz:32-bit) 02:14:02:97:50:96
[    8.334330] e1000 0000:00:03.0 eth0: Intel(R) PRO/1000 Network Connection
[    8.340973] mptbase: ioc0: Initiating bringup
[    8.465442] ioc0: LSI53C1030 A0: Capabilities={Initiator}
[    8.885913] scsi host2: ioc0: LSI53C1030 A0, FwRev=00000000h, Ports=1, MaxQ=256, IRQ=20
[    9.090908] scsi 2:0:0:0: Direct-Access     VBOX     HARDDISK         1.0  PQ: 0 ANSI: 5
[    9.692226] scsi target2:0:0: Beginning Domain Validation
[    9.709771] scsi target2:0:0: Domain Validation skipping write tests
[    9.725476] scsi target2:0:0: Ending Domain Validation
[    9.735433] scsi target2:0:0: asynchronous
[    9.761703] scsi 2:0:1:0: Direct-Access     VBOX     HARDDISK         1.0  PQ: 0 ANSI: 5
[   10.008398] scsi target2:0:1: Beginning Domain Validation
[   10.018862] random: fast init done
[   10.031893] scsi target2:0:1: Domain Validation skipping write tests
[   10.046017] scsi target2:0:1: Ending Domain Validation
[   10.047397] scsi target2:0:1: asynchronous
[   10.048931] random: systemd-udevd: uninitialized urandom read (16 bytes read)
[   10.054889] random: systemd-udevd: uninitialized urandom read (16 bytes read)
[   10.055607] e1000 0000:00:08.0 eth1: (PCI:33MHz:32-bit) 08:00:27:d9:a4:0f
[   10.065933] random: systemd-udevd: uninitialized urandom read (16 bytes read)
[   10.069003] e1000 0000:00:08.0 eth1: Intel(R) PRO/1000 Network Connection
[   10.088501] e1000 0000:00:03.0 enp0s3: renamed from eth0
[   10.091817] sd 2:0:0:0: Attached scsi generic sg0 type 0
[   10.101533] sd 2:0:0:0: [sda] 20971520 512-byte logical blocks: (10.7 GB/10.0 GiB)
[   10.102149] sd 2:0:1:0: [sdb] 20480 512-byte logical blocks: (10.5 MB/10.0 MiB)
[   10.134995] sd 2:0:0:0: [sda] Write Protect is off
[   10.135123] sd 2:0:1:0: Attached scsi generic sg1 type 0
[   10.153926] sd 2:0:1:0: [sdb] Write Protect is off
[   10.162339] sd 2:0:1:0: [sdb] Incomplete mode parameter data
[   10.168534] e1000 0000:00:08.0 enp0s8: renamed from eth1
[   10.178383] sd 2:0:1:0: [sdb] Assuming drive cache: write through
[   10.200710] sd 2:0:0:0: [sda] Incomplete mode parameter data
[   10.208652] sd 2:0:0:0: [sda] Assuming drive cache: write through
[   10.211787] sd 2:0:1:0: [sdb] Attached SCSI disk
[   10.232449]  sda: sda1
[   10.240951] sd 2:0:0:0: [sda] Attached SCSI disk
Begin: Loading essential drivers ... [   12.216117] raid6: sse2x1   gen()  5555 MB/s
[   12.264227] raid6: sse2x1   xor()  7143 MB/s
[   12.336153] raid6: sse2x2   gen() 12453 MB/s
[   12.400125] raid6: sse2x2   xor()  9382 MB/s
[   12.476097] raid6: sse2x4   gen() 14215 MB/s
[   12.560537] raid6: sse2x4   xor()  9242 MB/s
[   12.624567] raid6: avx2x1   gen() 19757 MB/s
[   12.688291] raid6: avx2x1   xor()  2584 MB/s
[   12.736268] raid6: avx2x2   gen() 13170 MB/s
[   12.784099] raid6: avx2x2   xor()  6725 MB/s
[   12.832300] raid6: avx2x4   gen() 10783 MB/s
[   12.896274] raid6: avx2x4   xor()  7675 MB/s
[   12.898366] raid6: using algorithm avx2x1 gen() 19757 MB/s
[   12.901561] raid6: .... xor() 2584 MB/s, rmw enabled
[   12.903568] raid6: using avx2x2 recovery algorithm
[   12.911155] xor: automatically using best checksumming function   avx       
[   12.949100] async_tx: api initialized (async)
done.
Begin: Running /scripts/init-premount ... done.
Begin: Mounting root file system ... Begin: Running /scripts/local-top ... done.
Begin: Running /scripts/local-premount ... [   13.030386] Btrfs loaded, crc32c=crc32c-intel
Scanning for Btrfs filesystems
done.
Warning: fsck no[   13.066202] EXT4-fs (sda1): INFO: recovery required on readonly filesystem
t present, so sk[   13.109459] EXT4-fs (sda1): write access will be enabled during recovery
ipping root file system
[   13.298915] EXT4-fs (sda1): recovery complete
[   13.300875] EXT4-fs (sda1): mounted filesystem with ordered data mode. Opts: (null)
done.
Begin: Running /scripts/local-bottom ... done.
Begin: Running /scripts/init-bottom ... done.
[   13.593597] ip_tables: (C) 2000-2006 Netfilter Core Team
[   14.667487] systemd[1]: systemd 237 running in system mode. (+PAM +AUDIT +SELINUX +IMA +APPARMOR +SMACK +SYSVINIT +UTMP +LIBCRYPTSETUP +GCRYPT +GNUTLS +ACL +XZ +LZ4 +SECCOMP +BLKID +ELFUTILS +KMOD -IDN2 +IDN -PCRE2 default-hierarchy=hybrid)
[   15.067870] systemd[1]: Detected virtualization oracle.
[   15.076136] systemd[1]: Detected architecture x86-64.

Welcome to [1mUbuntu 18.04.2 LTS[0m!

[   15.117836] systemd[1]: Set hostname to <ubuntu-bionic>.
[   15.768201] systemd[1]: Reached target System Time Synchronized.
[[0;32m  OK  [0m] Reached target System Time Synchronized.
[   16.182460] systemd[1]: Set up automount Arbitrary Executable File Formats File System Automount Point.
[[0;32m  OK  [0m] Set up automount Arbitrary Executabâ€¦rmats File System Automount Point.
[   16.445893] systemd[1]: Started Forward Password Requests to Wall Directory Watch.
[[0;32m  OK  [0m] Started Forward Password Requests to Wall Directory Watch.
[   17.102957] systemd[1]: Reached target User and Group Name Lookups.
[[0;32m  OK  [0m] Reached target User and Group Name Lookups.
[   18.098428] systemd[1]: Reached target Swap.
[[0;32m  OK  [0m] Reached target Swap.
[   18.199786] systemd[1]: Created slice System Slice.
[[0;32m  OK  [0m] Created slice System Slice.
[[0;32m  OK  [0m] Listening on Device-mapper event daemon FIFOs.
[[0;32m  OK  [0m] Listening on /dev/initctl Compatibility Named Pipe.
[[0;32m  OK  [0m] Listening on Journal Audit Socket.
[[0;32m  OK  [0m] Listening on LVM2 metadata daemon socket.
[[0;32m  OK  [0m] Listening on udev Control Socket.
[[0;32m  OK  [0m] Listening on udev Kernel Socket.
[[0;32m  OK  [0m] Listening on Journal Socket (/dev/log).
[[0;32m  OK  [0m] Listening on Syslog Socket.
[[0;32m  OK  [0m] Created slice system-serial\x2dgetty.slice.
[[0;32m  OK  [0m] Listening on Network Service Netlink Socket.
[[0;32m  OK  [0m] Listening on Journal Socket.
         Starting Create list of required stâ€¦ce nodes for the current kernel...
         Mounting POSIX Message Queue File System...
         Startin[   18.732254] random: crng init done
g Load Kernel Mo[   18.752323] random: 7 urandom warning(s) missed due to ratelimiting
dules...
[   18.770311] Loading iSCSI transport class v2.0-870.
         Starting Journal Service...
         Starting udev Coldplug all Devices...
[   18.795304] iscsi: registered transport (tcp)
         Starting Monitoring of LVM2 mirrorsâ€¦ng dmeventd or progress polling...
[[0;32m  OK  [0m] Created slice User and Session Slice.
[[0;32m  OK  [0m] Reached target Slices.
         Mounting Huge Pages File System...
         Starting Set the console keyboard layout...
[[0;32m  OK  [0m] Listening on LVM2 poll daemon socket.
         Starting Remount Root and Kernel[   18.875084] iscsi: registered transport (iser)
 File Systems...
         Starting Uncompl[   18.965566] EXT4-fs (sda1): re-mounted. Opts: (null)
icated firewall...
         Mounting Kernel Debug File System...
[[0;32m  OK  [0m] Started Journal Service.
[[0;32m  OK  [0m] Started Create list of required staâ€¦vice nodes for the current kernel.
[[0;32m  OK  [0m] Mounted POSIX Message Queue File System.
[[0;32m  OK  [0m] Started Load Kernel Modules.
[[0;32m  OK  [0m] Mounted Huge Pages File System.
[[0;32m  OK  [0m] Started Set the console keyboard layout.
[[0;32m  OK  [0m] Started Remount Root and Kernel File Systems.
[[0;32m  OK  [0m] Started Uncomplicated firewall.
[[0;32m  OK  [0m] Mounted Kernel Debug File System.
[[0;32m  OK  [0m] Started LVM2 metadata daemon.
         Starting Load/Save Random Seed...
         Starting Apply Kernel Variables...
         Mounting FUSE Control File System...
         Mounting Kernel Configuration File System...
         Starting Create Static Device Nodes in /dev...
         Starting Flush Journal to Persistent Storage...
[[0;32m  OK  [0m] Started Monitoring of LVM2 mirrors,â€¦sing dmeventd or progress polling.
[[0;32m  OK  [0m] Started Load/Save Random Seed.
[[0;32m  OK  [0m] Mounted FUSE Control File System.
[[0;32m  OK  [0m] Mounted Kernel Configuration File System.
[[0;32m  OK  [0m] Started udev Coldplug all Devices.
[[0;32m  OK  [0m] Started Apply Kernel Variables.
[[0;32m  OK  [0m] Started Create Static Device Nodes in /dev.
         Starting udev Kernel Device Manager...
[[0;32m  OK  [0m] Reached target Local File Systems (Pre).
[[0;32m  OK  [0m] Reached target Local File Systems.
         Starting Set console font and keymap...
         Starting ebtables ruleset management...
         Starting AppArmor initialization...
         Starting Tell Plymouth To Write Out Runtime Data...
[[0;32m  OK  [0m] Started udev Kernel Device Manager.
[[0;32m  OK  [0m] Started Dispatch Password Requests to Console Directory Watch.
[[0;32m  OK  [0m] Reached target Local Encrypted Volumes.
[[0;32m  OK  [0m] Started Set console font and keymap.
[[0;32m  OK  [0m] Started Tell Plymouth To Write Out Runtime Data.
[[0;32m  OK  [0m] Started Flush Journal to Persistent Storage.
[[0;32m  OK  [0m] Started ebtables ruleset management.
         Starting Create Volatile Files and Directories...
[[0;32m  OK  [0m] Started Create Volatile Files and Directories.
         Starting Update UTMP about System Boot/Shutdown...
[[0;32m  OK  [0m] Started Update UTMP about System Boot/Shutdown.
[[0;32m  OK  [0m] Started AppArmor initialization.
         Starting Initial cloud-init job (pre-networking)...
[[0;32m  OK  [0m] Found device /dev/ttyS0.
[[0;32m  OK  [0m] Listening on Load/Save RF Kill Switch Status /dev/rfkill Watch.
[   23.021203] cloud-init[510]: Cloud-init v. 19.1-1-gbaa47854-0ubuntu1~18.04.1 running 'init-local' at Tue, 17 Dec 2019 07:34:34 +0000. Up 22.52 seconds.
[[0;32m  OK  [0m] Started Initial cloud-init job (pre-networking).
[[0;32m  OK  [0m] Reached target Network (Pre).
         Starting Network Service...
[[0;32m  OK  [0m] Started Network Service.
         Starting Network Name Resolution...
         Starting Wait for Network to be Configured...
[[0;32m  OK  [0m] Started Network Name Resolution.
[[0;32m  OK  [0m] Reached target Network.
[[0;32m  OK  [0m] Reached target Host and Network Name Lookups.
[[0;32m  OK  [0m] Started Wait for Network to be Configured.
         Starting Initial cloud-init job (metadata service crawler)...
[   26.278299] cloud-init[717]: Cloud-init v. 19.1-1-gbaa47854-0ubuntu1~18.04.1 running 'init' at Tue, 17 Dec 2019 07:34:38 +0000. Up 25.79 seconds.
[   26.301617] cloud-init[717]: ci-info: ++++++++++++++++++++++++++++++++++++++Net device info+++++++++++++++++++++++++++++++++++++++
[   26.334335] cloud-init[717]: ci-info: +--------+------+-----------------------------+---------------+--------+-------------------+
[   26.358929] cloud-init[717]: ci-info: | Device |  Up  |           Address           |      Mask     | Scope  |     Hw-Address    |
[   26.380940] cloud-init[717]: ci-info: +--------+------+-----------------------------+---------------+--------+-------------------+
[   26.517176] cloud-init[717]: ci-info: | enp0s3 | True |          10.0.2.15          | 255.255.255.0 | global | 02:14:02:97:50:96 |
[   26.534697] cloud-init[717]: ci-info: | enp0s3 | True |  fe80::14:2ff:fe97:5096/64  |       .       |  link  | 02:14:02:97:50:96 |
[   26.545137] cloud-init[717]: ci-info: | enp0s8 | True |        192.168.33.10        | 255.255.255.0 | global | 08:00:27:d9:a4:0f |
[   26.576027] cloud-init[717]: ci-info: | enp0s8 | True | fe80::a00:27ff:fed9:a40f/64 |       .       |  link  | 08:00:27:d9:a4:0f |
[   26.589587] cloud-init[717]: ci-info: |   lo   | True |          127.0.0.1          |   255.0.0.0   |  host  |         .         |
[   26.603244] cloud-init[717]: ci-info: |   lo   | True |           ::1/128           |       .       |  host  |         .         |
[   26.725420] cloud-init[717]: ci-info: +--------+------+-----------------------------+---------------+--------+-------------------+
[   26.886492] cloud-init[717]: ci-info: +++++++++++++++++++++++++++++Route IPv4 info+++++++++++++++++++++++++++++
[   26.914658] cloud-init[717]: ci-info: +-------+--------------+----------+-----------------+-----------+-------+
[   26.925089] cloud-init[717]: ci-info: | Route | Destination  | Gateway  |     Genmask     | Interface | Flags |
[   26.949585] cloud-init[717]: ci-info: +-------+--------------+----------+-----------------+-----------+-------+
[   26.964261] cloud-init[717]: ci-info: |   0   |   0.0.0.0    | 10.0.2.2 |     0.0.0.0     |   enp0s3  |   UG  |
[   26.996040] cloud-init[717]: ci-info: |   1   |   10.0.2.0   | 0.0.0.0  |  255.255.255.0  |   enp0s3  |   U   |
[   27.038232] cloud-init[717]: ci-info: |   2   |   10.0.2.2   | 0.0.0.0  | 255.255.255.255 |   enp0s3  |   UH  |
[   27.060891] cloud-init[717]: ci-info: |   3   | 192.168.33.0 | 0.0.0.0  |  255.255.255.0  |   enp0s8  |   U   |
[   27.074804] cloud-init[717]: ci-info: +-------+--------------+----------+-----------------+-----------+-------+
[[0;32m  OK  [0m] Started Initial cloud-init job (metadata service crawler).
[[0;32m  OK  [0m] Reached target Cloud-config availability.
[[0;32m  OK  [0m] Reached target System Initialization.
[   27.111808] [[0;32m  OK  [0m] Listening on ACPID Listen Socket.
cloud-init[717]: ci-info: +++++++++++++++++++Route IPv6 info+++++++++++++++++++
         Starting Socket activation for snappy daemon.
[   27.388572] cloud-init[717]: ci-info: +-------+-------------+---------+-----------+-------+
[[0;32m  OK  [0m] Started ACPI Events Check.
[   27.416166] [[0;32m  OK  [0m] Started Message of the Day.
cloud-init[[717]: [0;32m  OK  [0mci-info: | Route | Destination | Gateway | Interface | Flags |] 
Started Daily Cleanup of Temporary Directories.
[[0;32m  OK  [0m] Reached target Paths.
[   27.453065] cloud-init[717]:          Starting LXD - unix socket.
[[0;32m  OK  [0m] Started Daily apt download activities.
[[0;32m  OK  [0m] Started Daily apt upgrade and clean activities.
[[0;32m  OK  [0m] Listening on D-Bus System Message Bus Socket.
[[0;32m  OK  [0m] Started Discard unused blocks once a week.
ci-info: +-------+-------------+---------+-----------+-------+
[   27.465945] cloud-init[717]: ci-info: |   1   |  fe80::/64  |    ::   |   enp0s8  |   U   |
[   27.466026] cloud-init[717]: ci-info: |   2   |  fe80::/64  |    ::   |   enp0s3  |   U   |
[   27.466110] cloud-init[717]: ci-info: |   4   |    local    |    ::   |   enp0s3  |   U   |
[   27.466202] cloud-init[717]: ci-info: |   5   |    local    |    ::   |   enp0s8  |   U   |
[   27.466268] cloud-init[717]: ci-info: |   6   |   ff00::/8  |    ::   |   enp0s8  |   U   |
[   27.466333] cloud-init[717]: ci-info: |   7   |   ff00::/8  |    ::   |   enp0s3  |   U   |
[   27.466404] cloud-init[717]: ci-info: +-------+-------------+---------+-----------+-------+
[[0;32m  OK  [0m] Reached target Timers.
[[0;32m  OK  [0m] Listening on UUID daemon activation socket.
[[0;32m  OK  [0m] Listening on Open-iSCSI iscsid Socket.
[[0;32m  OK  [0m] Reached target Network is Online.
[[0;32m  OK  [0m] Reached target Remote File Systems (Pre).
[[0;32m  OK  [0m] Reached target Remote File Systems.
         Starting Availability of block devices...
[[0;32m  OK  [0m] Listening on Socket activation for snappy daemon.
[[0;32m  OK  [0m] Listening on LXD - unix socket.
[[0;32m  OK  [0m] Started Availability of block devices.
[[0;32m  OK  [0m] Reached target Sockets.
[[0;32m  OK  [0m] Reached target Basic System.
         Starting Permit User Sessions...
[[0;32m  OK  [0m] Started FUSE filesystem for LXC.
         Starting LSB: automatic crash report generation...
         Starting LXD - container startup/shutdown...
         Starting Login Service...
         Starting Discard unused blocks...
         Starting vboxadd.service...
[[0;32m  OK  [0m] Started irqbalance daemon.
         Starting OpenBSD Secure Shell server...
[[0;32m  OK  [0m] Started Deferred execution scheduler.
         Starting System Logging Service...
         Starting LSB: Record successful boot for GRUB...
[[0;32m  OK  [0m] Started D-Bus System Message Bus.
[[0;32m  OK  [0m] Started Login Service.
         Starting Accounts Service...
[[0;32m  OK  [0m] Started Unattended Upgrades Shutdown.
[[0;32m  OK  [0m] Started Regular background program processing daemon.
         Starting Dispatcher daemon for systemd-networkd...
         Starting Snappy daemon...
[[0;32m  OK  [0m] Started System Logging Service.
[[0;32m  OK  [0m] Started Permit User Sessions.
[[0;32m  OK  [0m] Started Discard unused blocks.
         Starting Hold until boot process finishes up...
         Starting Terminate Plymouth Boot Screen...
[[0;32m  OK  [0m] Started OpenBSD Secure Shell server.
[[0;32m  OK  [0m] Started LXD - container startup/shutdown.
[[0;32m  OK  [0m] Started Hold until boot process finishes up.
[[0;32m  OK  [0m] Started Terminate Plymouth Boot Screen.
[[0;32m  OK  [0m] Started Serial Getty on ttyS0.
         Starting Set console scheme...
[[0;32m  OK  [0m] Started Set console scheme.
[[0;32m  OK  [0m] Created slice system-getty.slice.
[[0;32m  OK  [0m] Started Getty on tty1.
[[0;32m  OK  [0m] Reached target Login Prompts.
[[0;32m  OK  [0m] Started LSB: Record successful boot for GRUB.
[[0;32m  OK  [0m] Started LSB: automatic crash report generation.
         Starting Authorization Manager...
[[0;32m  OK  [0m] Created slice User Slice of vagrant.
         Starting User Manager for UID 1000...
[[0;32m  OK  [0m] Started Session 1 of user vagrant.
[[0;32m  OK  [0m] Started Authorization Manager.
[[0;32m  OK  [0m] Started Accounts Service.
[[0;32m  OK  [0m] Started User Manager for UID 1000.
[[0;32m  OK  [0m] Started Snappy daemon.
         Starting Wait until snapd is fully seeded...
[[0;32m  OK  [0m] Started Wait until snapd is fully seeded.
         Starting Apply the settings specified in cloud-config...
[[0;32m  OK  [0m] Started vboxadd.service.
         Starting vboxadd-service.service...
[[0;32m  OK  [0m] Started Dispatcher daemon for systemd-networkd.
[[0;32m  OK  [0m] Started vboxadd-service.service.
[[0;32m  OK  [0m] Reached target Multi-User System.
[[0;32m  OK  [0m] Reached target Graphical Interface.
         Starting Update UTMP about System Runlevel Changes...
[[0;32m  OK  [0m] Started Update UTMP about System Runlevel Changes.
[   32.586000] cloud-init[1013]: Cloud-init v. 19.1-1-gbaa47854-0ubuntu1~18.04.1 running 'modules:config' at Tue, 17 Dec 2019 07:34:44 +0000. Up 32.13 seconds.
[[0;32m  OK  [0m] Started Apply the settings specified in cloud-config.
         Starting Execute cloud user/final scripts...
[   33.471149] cloud-init[1207]: Cloud-init v. 19.1-1-gbaa47854-0ubuntu1~18.04.1 running 'modules:final' at Tue, 17 Dec 2019 07:34:45 +0000. Up 33.28 seconds.
[   33.475782] cloud-init[1207]: Cloud-init v. 19.1-1-gbaa47854-0ubuntu1~18.04.1 finished at Tue, 17 Dec 2019 07:34:45 +0000. Datasource DataSourceNoCloud [seed=/dev/sdb][dsmode=net].  Up 33.46 seconds
[[0;32m  OK  [0m] Started Execute cloud user/final scripts.
[[0;32m  OK  [0m] Reached target Cloud-init target.

Ubuntu 18.04.2 LTS ubuntu-bionic ttyS0

ubuntu-bionic login: 